{
  "version": "1.5.0",
  "plugins_used": [
    {
      "name": "ArtifactoryDetector"
    },
    {
      "name": "AWSKeyDetector"
    },
    {
      "name": "AzureStorageKeyDetector"
    },
    {
      "name": "Base64HighEntropyString",
      "limit": 4.5
    },
    {
      "name": "BasicAuthDetector"
    },
    {
      "name": "CloudantDetector"
    },
    {
      "name": "DiscordBotTokenDetector"
    },
    {
      "name": "GitHubTokenDetector"
    },
    {
      "name": "GitLabTokenDetector"
    },
    {
      "name": "HexHighEntropyString",
      "limit": 3.0
    },
    {
      "name": "IbmCloudIamDetector"
    },
    {
      "name": "IbmCosHmacDetector"
    },
    {
      "name": "IPPublicDetector"
    },
    {
      "name": "JwtTokenDetector"
    },
    {
      "name": "KeywordDetector",
      "keyword_exclude": ""
    },
    {
      "name": "MailchimpDetector"
    },
    {
      "name": "NpmDetector"
    },
    {
      "name": "OpenAIDetector"
    },
    {
      "name": "PrivateKeyDetector"
    },
    {
      "name": "PypiTokenDetector"
    },
    {
      "name": "SendGridDetector"
    },
    {
      "name": "SlackDetector"
    },
    {
      "name": "SoftlayerDetector"
    },
    {
      "name": "SquareOAuthDetector"
    },
    {
      "name": "StripeDetector"
    },
    {
      "name": "TelegramBotTokenDetector"
    },
    {
      "name": "TwilioKeyDetector"
    }
  ],
  "filters_used": [
    {
      "path": "detect_secrets.filters.allowlist.is_line_allowlisted"
    },
    {
      "path": "detect_secrets.filters.common.is_baseline_file",
      "filename": ".secrets.baseline"
    },
    {
      "path": "detect_secrets.filters.common.is_ignored_due_to_verification_policies",
      "min_level": 2
    },
    {
      "path": "detect_secrets.filters.heuristic.is_indirect_reference"
    },
    {
      "path": "detect_secrets.filters.heuristic.is_likely_id_string"
    },
    {
      "path": "detect_secrets.filters.heuristic.is_lock_file"
    },
    {
      "path": "detect_secrets.filters.heuristic.is_not_alphanumeric_string"
    },
    {
      "path": "detect_secrets.filters.heuristic.is_potential_uuid"
    },
    {
      "path": "detect_secrets.filters.heuristic.is_prefixed_with_dollar_sign"
    },
    {
      "path": "detect_secrets.filters.heuristic.is_sequential_string"
    },
    {
      "path": "detect_secrets.filters.heuristic.is_swagger_file"
    },
    {
      "path": "detect_secrets.filters.heuristic.is_templated_secret"
    }
  ],
  "results": {
    ".github/workflows/ci.yml": [
      {
        "type": "Secret Keyword",
        "filename": ".github/workflows/ci.yml",
        "hashed_secret": "14710d0164652033b2d8391aed171e4b1277160c",
        "is_verified": false,
        "line_number": 122
      }
    ],
    "bundles/core/rules/00-conventions.md": [
      {
        "type": "Basic Auth Credentials",
        "filename": "bundles/core/rules/00-conventions.md",
        "hashed_secret": "ee977806d7286510da8b9a7492ba58e2484c0ecc",
        "is_verified": false,
        "line_number": 22
      }
    ],
    "bundles/k8s/skills/k8s/references/observability.md": [
      {
        "type": "Basic Auth Credentials",
        "filename": "bundles/k8s/skills/k8s/references/observability.md",
        "hashed_secret": "9d4e1e23bd5b727046a9e3b4b7db57bd8d6ee684",
        "is_verified": false,
        "line_number": 153
      }
    ],
    "bundles/k8s/skills/k8s/scripts/tests/fixtures/applications.json": [
      {
        "type": "Hex High Entropy String",
        "filename": "bundles/k8s/skills/k8s/scripts/tests/fixtures/applications.json",
        "hashed_secret": "89b5aa031b7bcd59b947c4cd7d5241831c8cf125",
        "is_verified": false,
        "line_number": 33
      }
    ],
    "bundles/k8s/skills/k8s/scripts/tests/fixtures/certificates.json": [
      {
        "type": "Secret Keyword",
        "filename": "bundles/k8s/skills/k8s/scripts/tests/fixtures/certificates.json",
        "hashed_secret": "172244e990793d995ee55a27174cb84505a931a3",
        "is_verified": false,
        "line_number": 13
      },
      {
        "type": "Secret Keyword",
        "filename": "bundles/k8s/skills/k8s/scripts/tests/fixtures/certificates.json",
        "hashed_secret": "3ed3c26b7204ddd324f0f1c951bdde3c1c2588a2",
        "is_verified": false,
        "line_number": 34
      }
    ],
    "bundles/k8s/skills/k8s/scripts/tests/fixtures/helm-values-shop.json": [
      {
        "type": "Secret Keyword",
        "filename": "bundles/k8s/skills/k8s/scripts/tests/fixtures/helm-values-shop.json",
        "hashed_secret": "e943e8691d63b5483f1e9d78b3493d9297fab856",
        "is_verified": false,
        "line_number": 10
      },
      {
        "type": "Basic Auth Credentials",
        "filename": "bundles/k8s/skills/k8s/scripts/tests/fixtures/helm-values-shop.json",
        "hashed_secret": "e943e8691d63b5483f1e9d78b3493d9297fab856",
        "is_verified": false,
        "line_number": 11
      },
      {
        "type": "AWS Access Key",
        "filename": "bundles/k8s/skills/k8s/scripts/tests/fixtures/helm-values-shop.json",
        "hashed_secret": "25910f981e85ca04baf359199dd0bd4a3ae738b6",
        "is_verified": false,
        "line_number": 13
      },
      {
        "type": "Secret Keyword",
        "filename": "bundles/k8s/skills/k8s/scripts/tests/fixtures/helm-values-shop.json",
        "hashed_secret": "25910f981e85ca04baf359199dd0bd4a3ae738b6",
        "is_verified": false,
        "line_number": 13
      }
    ],
    "bundles/k8s/skills/k8s/scripts/tests/fixtures/logs-shop-api-0-api-previous.txt": [
      {
        "type": "Private Key",
        "filename": "bundles/k8s/skills/k8s/scripts/tests/fixtures/logs-shop-api-0-api-previous.txt",
        "hashed_secret": "be4fc4886bd949b369d5e092eb87494f12e57e5b",
        "is_verified": false,
        "line_number": 4
      }
    ],
    "bundles/k8s/skills/k8s/scripts/tests/fixtures/logs-shop-api-0-api.txt": [
      {
        "type": "Basic Auth Credentials",
        "filename": "bundles/k8s/skills/k8s/scripts/tests/fixtures/logs-shop-api-0-api.txt",
        "hashed_secret": "f3bbbd66a63d4bf1747940578ec3d0103530e21d",
        "is_verified": false,
        "line_number": 3
      },
      {
        "type": "JSON Web Token",
        "filename": "bundles/k8s/skills/k8s/scripts/tests/fixtures/logs-shop-api-0-api.txt",
        "hashed_secret": "b7478b906bfcf28d9403d590a8c419eb09f22c65",
        "is_verified": false,
        "line_number": 4
      },
      {
        "type": "AWS Access Key",
        "filename": "bundles/k8s/skills/k8s/scripts/tests/fixtures/logs-shop-api-0-api.txt",
        "hashed_secret": "25910f981e85ca04baf359199dd0bd4a3ae738b6",
        "is_verified": false,
        "line_number": 5
      }
    ],
    "bundles/k8s/skills/k8s/scripts/tests/fixtures/secret-shop-db.json": [
      {
        "type": "Secret Keyword",
        "filename": "bundles/k8s/skills/k8s/scripts/tests/fixtures/secret-shop-db.json",
        "hashed_secret": "2b1364cd4fc10813b5eb7206e5455dc060ddb524",
        "is_verified": false,
        "line_number": 10
      }
    ],
    "bundles/k8s/skills/k8s/scripts/tests/fixtures/secrets-shop.json": [
      {
        "type": "Secret Keyword",
        "filename": "bundles/k8s/skills/k8s/scripts/tests/fixtures/secrets-shop.json",
        "hashed_secret": "2b1364cd4fc10813b5eb7206e5455dc060ddb524",
        "is_verified": false,
        "line_number": 14
      }
    ],
    "bundles/k8s/skills/k8s/scripts/tests/golden/argocd-json.txt": [
      {
        "type": "Hex High Entropy String",
        "filename": "bundles/k8s/skills/k8s/scripts/tests/golden/argocd-json.txt",
        "hashed_secret": "672dac39cadc9ff7eaead2664b467b6a53f9e71b",
        "is_verified": false,
        "line_number": 60
      }
    ],
    "bundles/k8s/skills/k8s/scripts/tests/golden/certs-json.txt": [
      {
        "type": "Secret Keyword",
        "filename": "bundles/k8s/skills/k8s/scripts/tests/golden/certs-json.txt",
        "hashed_secret": "172244e990793d995ee55a27174cb84505a931a3",
        "is_verified": false,
        "line_number": 70
      },
      {
        "type": "Secret Keyword",
        "filename": "bundles/k8s/skills/k8s/scripts/tests/golden/certs-json.txt",
        "hashed_secret": "3ed3c26b7204ddd324f0f1c951bdde3c1c2588a2",
        "is_verified": false,
        "line_number": 79
      }
    ],
    "bundles/k8s/skills/k8s/scripts/tests/run.sh": [
      {
        "type": "Private Key",
        "filename": "bundles/k8s/skills/k8s/scripts/tests/run.sh",
        "hashed_secret": "be4fc4886bd949b369d5e092eb87494f12e57e5b",
        "is_verified": false,
        "line_number": 115
      }
    ],
    "lib/harness/config.py": [
      {
        "type": "Secret Keyword",
        "filename": "lib/harness/config.py",
        "hashed_secret": "64a7056d7c68b50795643fcec4fe74ef4ac2d6b2",
        "is_verified": false,
        "line_number": 40
      }
    ],
    "tests/unit/test_config.py": [
      {
        "type": "Base64 High Entropy String",
        "filename": "tests/unit/test_config.py",
        "hashed_secret": "bcfe323f60ca239f76fc7982e6f429b53b540554",
        "is_verified": false,
        "line_number": 102
      },
      {
        "type": "Base64 High Entropy String",
        "filename": "tests/unit/test_config.py",
        "hashed_secret": "a7763cfae916a0ac50a4b5c4c14ced40037a25b4",
        "is_verified": false,
        "line_number": 104
      }
    ],
    "tools/gate/allowlist.txt": [
      {
        "type": "AWS Access Key",
        "filename": "tools/gate/allowlist.txt",
        "hashed_secret": "25910f981e85ca04baf359199dd0bd4a3ae738b6",
        "is_verified": false,
        "line_number": 17
      }
    ],
    "tools/gh.lock.json": [
      {
        "type": "Hex High Entropy String",
        "filename": "tools/gh.lock.json",
        "hashed_secret": "7e06caddb3e84b94be17031c27f7433e98c06811",
        "is_verified": false,
        "line_number": 11
      },
      {
        "type": "Hex High Entropy String",
        "filename": "tools/gh.lock.json",
        "hashed_secret": "b8fa5b0ee4bfaa059d0b33997047ff24b3b57608",
        "is_verified": false,
        "line_number": 17
      },
      {
        "type": "Hex High Entropy String",
        "filename": "tools/gh.lock.json",
        "hashed_secret": "f29b102c079b75c353a5ba2e30e5805998458d33",
        "is_verified": false,
        "line_number": 23
      },
      {
        "type": "Hex High Entropy String",
        "filename": "tools/gh.lock.json",
        "hashed_secret": "72f0208d3a4aa41e8c8fc0dd8716f39e399eb67b",
        "is_verified": false,
        "line_number": 29
      }
    ],
    "tools/glab.lock.json": [
      {
        "type": "Hex High Entropy String",
        "filename": "tools/glab.lock.json",
        "hashed_secret": "3cde8f6d5ed320237abcd62345d106d02305e136",
        "is_verified": false,
        "line_number": 11
      },
      {
        "type": "Hex High Entropy String",
        "filename": "tools/glab.lock.json",
        "hashed_secret": "0c560b401bfb59ca5bb204c9105435880ca9b79a",
        "is_verified": false,
        "line_number": 17
      },
      {
        "type": "Hex High Entropy String",
        "filename": "tools/glab.lock.json",
        "hashed_secret": "df7c69bae99b3d388ed42ee3ffe598e2829d95d5",
        "is_verified": false,
        "line_number": 23
      },
      {
        "type": "Hex High Entropy String",
        "filename": "tools/glab.lock.json",
        "hashed_secret": "cb16d9c6096beb51fd731e12714f0646f1a261ba",
        "is_verified": false,
        "line_number": 29
      }
    ]
  },
  "generated_at": "2026-10-04T09:07:31Z"
}
